<?xml version="1.0" encoding="utf-8"?><testsuites name="pytest tests"><testsuite name="pytest" errors="0" failures="0" skipped="0" tests="0" time="0.033" timestamp="2025-08-05T13:16:43.068415+02:00" hostname="polpc15052" /></testsuites>